// Jest Snapshot v1, https://goo.gl/fbAQLP

exports[`Link changes the class when hovered 1`] = `
<div>
  <div>
    <h1>
      Test Title
    </h1>
    <p>
      Test document with 
      <strong>
        bold
      </strong>
       and 
      <em>
        italics
      </em>
       text.
    </p>
  </div>
</div>
`;
